// Vitest Snapshot v1, https://vitest.dev/guide/snapshot.html

exports[`ItemCounter > should match snapshot 1`] = `
<div>
  <section
    class="_section_497af0"
  >
    <h3
      data-testid="h3-name"
    >
      Xbox Series X
    </h3>
    <button
      class="_counterButton_497af0"
    >
      -1
    </button>
    <span>
      0
    </span>
    <button
      class="_counterButton_497af0"
    >
      +1
    </button>
  </section>
</div>
`;
